GNU gdb (GDB) 7.6.1
Copyright (C) 2013 Free Software Foundation, Inc.
License GPLv3+: GNU GPL version 3 or later <http://gnu.org/licenses/gpl.html>
This is free software: you are free to change and redistribute it.
There is NO WARRANTY, to the extent permitted by law.  Type "show copying"
and "show warranty" for details.
This GDB was configured as "mingw32".
For bug reporting instructions, please see:
<http://www.gnu.org/software/gdb/bugs/>...
Reading symbols from C:\Users\HP ELITEBOOK\c.activity\set01\problem03.exe...done.
(gdb) b
No default breakpoint address now.
(gdb) b 27
Breakpoint 1 at 0x401501: file C:\Users\HP ELITEBOOK\c.activity\set01\problem03.c, line 27.
(gdb) r
Starting program: C:\Users\HP ELITEBOOK\c.activity\set01/problem03.exe
[New Thread 10944.0x2f2c]
[New Thread 10944.0x11b0]
enter a number:7
enter a number:9

Breakpoint 1, output (a=7, b=9, sum=16) at C:\Users\HP ELITEBOOK\c.activity\set01\problem03.c:29
29          printf("the sum of %d,%d is %d\n",a,b,sum);
(gdb) r
The program being debugged has been started already.
Start it from the beginning? (y or n) y
error return ../../gdb-7.6.1/gdb/windows-nat.c:1275 was 5
Starting program: C:\Users\HP ELITEBOOK\c.activity\set01/problem03.exe
[New Thread 13108.0x2698]
[New Thread 13108.0x4870]
enter a number:55
enter a number:77

Breakpoint 1, output (a=55, b=77, sum=132) at C:\Users\HP ELITEBOOK\c.activity\set01\problem03.c:29
29          printf("the sum of %d,%d is %d\n",a,b,sum);
(gdb) q
A debugging session is active.

        Inferior 1 [process 13108] will be killed.

Quit anyway? (y or n) y
error return ../../gdb-7.6.1/gdb/windows-nat.c:1275 was 5