GNU gdb (GDB) 7.6.1
Copyright (C) 2013 Free Software Foundation, Inc.
License GPLv3+: GNU GPL version 3 or later <http://gnu.org/licenses/gpl.html>
This is free software: you are free to change and redistribute it.
There is NO WARRANTY, to the extent permitted by law.  Type "show copying"
and "show warranty" for details.
This GDB was configured as "mingw32".
For bug reporting instructions, please see:
<http://www.gnu.org/software/gdb/bugs/>...
Reading symbols from C:\Users\HP ELITEBOOK\c.activity\set01\problem09.exe...done.
(gdb) r
Starting program: C:\Users\HP ELITEBOOK\c.activity\set01/problem09.exe 
[New Thread 13360.0x49cc]
[New Thread 13360.0x4628]
Enter the number you want square root of7
The square root of 7 is 2.645751[Inferior 1 (process 13360) exited normally]
(gdb) b
No default breakpoint address now.
(gdb) b7
Undefined command: "b7".  Try "help".
(gdb) b 7
Breakpoint 1 at 0x40146e: file C:\Users\HP ELITEBOOK\c.activity\set01\problem09.c, line 7.
(gdb) r
Starting program: C:\Users\HP ELITEBOOK\c.activity\set01/problem09.exe 
[New Thread 8092.0x3484]
[New Thread 8092.0x238c]

Breakpoint 1, main () at C:\Users\HP ELITEBOOK\c.activity\set01\problem09.c:9
9           n=input();
(gdb) n
Enter the number you want square root of
9
10          s=square_root(n);
(gdb) s
square_root (n=9) at C:\Users\HP ELITEBOOK\c.activity\set01\problem09.c:25
25          float a,b=0;
(gdb) s
26          a=n/2;
(gdb) q
A debugging session is active.

        Inferior 1 [process 8092] will be killed.

Quit anyway? (y or n) y
